// Jest Snapshot v1, https://goo.gl/fbAQLP

exports[`dashboard renders 1`] = `
<body>
  <div>
    <div
      class="display panel"
    >
      <div
        class="led green-led"
        data-testid="locked-panel"
      >
        Unlocked
      </div>
      <div
        class="led green-led"
        data-testid="closed-panel"
      >
        Open
      </div>
    </div>
    <div
      class="controls panel"
    >
      <button
        class="toggle-btn"
        data-testid="toggle-locked"
        disabled=""
      >
        Lock Gate
      </button>
      <button
        class="toggle-btn"
        data-testid="toggle-closed"
      >
        Close Gate
      </button>
    </div>
  </div>
</body>
`;
